// Vitest Snapshot v1, https://vitest.dev/guide/snapshot.html

exports[`Test of filteredBooks > should return the filter books correctly 1`] = `
[
  {
    "book": {
      "ISBN": "978-4444532611",
      "author": {
        "name": "Manel Loreiro",
        "otherBooks": [],
      },
      "cover": "https://images-na.ssl-images-amazon.com/images/S/compressed.photo.goodreads.com/books/1422626176i/24762432.jpg",
      "genre": "Zombies",
      "pages": 444,
      "synopsis": "Un gallego se queda en casa en pleno apocalipsis zombie y acaba casi salvando el mundo",
      "title": "Apocalipsis Zombie",
      "year": 2001,
    },
  },
]
`;

exports[`Test of filteredBooks and parseBooks > it should parse books based on local storage data 1`] = `
[
  {
    "book": {
      "ISBN": "978-0618640157",
      "author": {
        "name": "J.R.R. Tolkien",
        "otherBooks": [
          "El Hobbit",
          "El Silmarillion",
        ],
      },
      "cover": "https://images-na.ssl-images-amazon.com/images/S/compressed.photo.goodreads.com/books/1566425108i/33.jpg",
      "genre": "Fantasía",
      "pages": 1200,
      "synopsis": "Una aventura épica en un mundo de fantasía llamado la Tierra Media.",
      "title": "El Señor de los Anillos",
      "year": 1954,
    },
    "isFavorite": true,
  },
  {
    "book": {
      "ISBN": "978-0553103540",
      "author": {
        "name": "George R. R. Martin",
        "otherBooks": [
          "Choque de Reyes",
          "Tormenta de Espadas",
          "Festín de Cuervos",
        ],
      },
      "cover": "https://images-na.ssl-images-amazon.com/images/S/compressed.photo.goodreads.com/books/1273763400i/8189620.jpg",
      "genre": "Fantasía",
      "pages": 694,
      "synopsis": "En un reino donde las estaciones duran años, una batalla épica por el trono se desarrolla.",
      "title": "Juego de Tronos",
      "year": 1996,
    },
    "isFavorite": false,
  },
  {
    "book": {
      "ISBN": "978-0747532699",
      "author": {
        "name": "J.K. Rowling",
        "otherBooks": [
          "Harry Potter y la cámara secreta",
          "Harry Potter y el prisionero de Azkaban",
          "Harry Potter y el cáliz de fuego",
        ],
      },
      "cover": "https://images-na.ssl-images-amazon.com/images/S/compressed.photo.goodreads.com/books/1550337333i/15868.jpg",
      "genre": "Fantasía",
      "pages": 223,
      "synopsis": "Un niño descubre que es un mago y comienza una aventura en una escuela de magia.",
      "title": "Harry Potter y la piedra filosofal",
      "year": 1997,
    },
    "isFavorite": true,
  },
]
`;

exports[`Test of filteredBooks and parseBooks > it should return the information of the parsed books correctly according to the information in the local storage 1`] = `
[
  {
    "book": {
      "ISBN": "978-0618640157",
      "author": {
        "name": "J.R.R. Tolkien",
        "otherBooks": [
          "El Hobbit",
          "El Silmarillion",
        ],
      },
      "cover": "https://images-na.ssl-images-amazon.com/images/S/compressed.photo.goodreads.com/books/1566425108i/33.jpg",
      "genre": "Fantasía",
      "pages": 1200,
      "synopsis": "Una aventura épica en un mundo de fantasía llamado la Tierra Media.",
      "title": "El Señor de los Anillos",
      "year": 1954,
    },
    "isFavorite": true,
  },
  {
    "book": {
      "ISBN": "978-0553103540",
      "author": {
        "name": "George R. R. Martin",
        "otherBooks": [
          "Choque de Reyes",
          "Tormenta de Espadas",
          "Festín de Cuervos",
        ],
      },
      "cover": "https://images-na.ssl-images-amazon.com/images/S/compressed.photo.goodreads.com/books/1273763400i/8189620.jpg",
      "genre": "Fantasía",
      "pages": 694,
      "synopsis": "En un reino donde las estaciones duran años, una batalla épica por el trono se desarrolla.",
      "title": "Juego de Tronos",
      "year": 1996,
    },
    "isFavorite": false,
  },
  {
    "book": {
      "ISBN": "978-0747532699",
      "author": {
        "name": "J.K. Rowling",
        "otherBooks": [
          "Harry Potter y la cámara secreta",
          "Harry Potter y el prisionero de Azkaban",
          "Harry Potter y el cáliz de fuego",
        ],
      },
      "cover": "https://images-na.ssl-images-amazon.com/images/S/compressed.photo.goodreads.com/books/1550337333i/15868.jpg",
      "genre": "Fantasía",
      "pages": 223,
      "synopsis": "Un niño descubre que es un mago y comienza una aventura en una escuela de magia.",
      "title": "Harry Potter y la piedra filosofal",
      "year": 1997,
    },
    "isFavorite": true,
  },
]
`;

exports[`Test of filteredBooks and parseBooks > should return the filter books by genre correctly 1`] = `
[
  {
    "book": {
      "ISBN": "978-4444532611",
      "author": {
        "name": "Manel Loreiro",
        "otherBooks": [],
      },
      "cover": "https://images-na.ssl-images-amazon.com/images/S/compressed.photo.goodreads.com/books/1422626176i/24762432.jpg",
      "genre": "Zombies",
      "pages": 444,
      "synopsis": "Un gallego se queda en casa en pleno apocalipsis zombie y acaba casi salvando el mundo",
      "title": "Apocalipsis Zombie",
      "year": 2001,
    },
  },
]
`;

exports[`Test of filteredBooks and parseBooks > should return the filter books by name correctly 1`] = `
[
  {
    "book": {
      "ISBN": "978-4444532611",
      "author": {
        "name": "Manel Loreiro",
        "otherBooks": [],
      },
      "cover": "https://images-na.ssl-images-amazon.com/images/S/compressed.photo.goodreads.com/books/1422626176i/24762432.jpg",
      "genre": "Zombies",
      "pages": 444,
      "synopsis": "Un gallego se queda en casa en pleno apocalipsis zombie y acaba casi salvando el mundo",
      "title": "Apocalipsis Zombie",
      "year": 2001,
    },
  },
]
`;

exports[`Test of filteredBooks and parseBooks > should return the filter books correctly 1`] = `
[
  {
    "book": {
      "ISBN": "978-4444532611",
      "author": {
        "name": "Manel Loreiro",
        "otherBooks": [],
      },
      "cover": "https://images-na.ssl-images-amazon.com/images/S/compressed.photo.goodreads.com/books/1422626176i/24762432.jpg",
      "genre": "Zombies",
      "pages": 444,
      "synopsis": "Un gallego se queda en casa en pleno apocalipsis zombie y acaba casi salvando el mundo",
      "title": "Apocalipsis Zombie",
      "year": 2001,
    },
  },
]
`;
